node.exe : FAIL 
src/__tests__/dataOrchestrator.test.ts
At line:1 char:1
+ & "C:\Program Files\nodejs/node.exe" 
"C:\Program Files\nodejs/node_mo ...
+ ~~~~~~~~~~~~~~~~~~~~~~~~~~~~~~~~~~~~~~~~~~~~~~
~~~~~~~~~~~~~~~~~~~~~~~
    + CategoryInfo          : NotSpecified: (FA 
   IL src/__test...strator.test.ts:String) [],  
   RemoteException
    + FullyQualifiedErrorId : NativeCommandErro 
   r
 
  ÔùÅ Test suite failed to run

    [96msrc/services/dataOrchestrator.ts[0m:[
93m45[0m:[93m7[0m - [91merror[0m[90m 
TS2322: [0mType '{ type: "bar" | "line" | 
"treemap" | "scatter"; timestamp: number; 
data?: any; }' is not assignable to type 
'DataOrchestratorError | WidgetDataResponse'.
      Type '{ type: "bar" | "line" | "treemap" 
| "scatter"; timestamp: number; data?: any; }' 
is not assignable to type 'WidgetDataResponse'.
        Property 'data' is optional in type '{ 
type: "bar" | "line" | "treemap" | "scatter"; 
timestamp: number; data?: any; }' but required 
in type 'WidgetDataResponse'.

    [7m45[0m       return validated
    [7m  [0m [91m      ~~~~~~[0m

Test Suites: 1 failed, 1 total
Tests:       0 total
Snapshots:   0 total
Time:        2.029 s
Ran all test suites matching 
/src\\__tests__\\dataOrchestrator.test.ts/i.
